[   11558ms] [INFO] %cDownload the React DevTools for a better development experience: https://react.dev/link/react-devtools font-weight:bold @ http://localhost:5173/node_modules/.vite/deps/client-DaVFuTrw.js?v=4d46a646:14333
[   11766ms] [ERROR] Failed to load resource: the server responded with a status of 401 (Unauthorized) @ http://localhost:5000/api/users/me:0
[   11993ms] [INFO] %cDownload the React DevTools for a better development experience: https://react.dev/link/react-devtools font-weight:bold @ http://localhost:5173/node_modules/.vite/deps/client-DaVFuTrw.js?v=4d46a646:14333
[   12221ms] [ERROR] Failed to load resource: the server responded with a status of 401 (Unauthorized) @ http://localhost:5000/api/users/me:0
[   12302ms] [ERROR] Failed to load resource: the server responded with a status of 401 (Unauthorized) @ http://localhost:5000/api/users/me:0
[   12402ms] [VERBOSE] [DOM] Input elements should have autocomplete attributes (suggested: "current-password"): (More info: https://goo.gl/9p2vKq) %o @ http://localhost:5173/login:0
[   26017ms] [WARNING] You're attempting to animate multiple children within AnimatePresence, but its mode is set to "wait". This will lead to odd visual behaviour. @ http://localhost:5173/node_modules/.vite/deps/es-BDqaUbuy.js?v=4d46a646:9861
[   26017ms] [WARNING] You're attempting to animate multiple children within AnimatePresence, but its mode is set to "wait". This will lead to odd visual behaviour. @ http://localhost:5173/node_modules/.vite/deps/es-BDqaUbuy.js?v=4d46a646:9861
[   31342ms] [INFO] %cDownload the React DevTools for a better development experience: https://react.dev/link/react-devtools font-weight:bold @ http://localhost:5173/node_modules/.vite/deps/client-DaVFuTrw.js?v=4d46a646:14333
[   31523ms] [WARNING] You're attempting to animate multiple children within AnimatePresence, but its mode is set to "wait". This will lead to odd visual behaviour. @ http://localhost:5173/node_modules/.vite/deps/es-BDqaUbuy.js?v=4d46a646:9861
[   31524ms] [WARNING] You're attempting to animate multiple children within AnimatePresence, but its mode is set to "wait". This will lead to odd visual behaviour. @ http://localhost:5173/node_modules/.vite/deps/es-BDqaUbuy.js?v=4d46a646:9861
[   31612ms] [WARNING] You're attempting to animate multiple children within AnimatePresence, but its mode is set to "wait". This will lead to odd visual behaviour. @ http://localhost:5173/node_modules/.vite/deps/es-BDqaUbuy.js?v=4d46a646:9861
[   31612ms] [WARNING] You're attempting to animate multiple children within AnimatePresence, but its mode is set to "wait". This will lead to odd visual behaviour. @ http://localhost:5173/node_modules/.vite/deps/es-BDqaUbuy.js?v=4d46a646:9861
[  471468ms] [ERROR] Failed to load resource: the server responded with a status of 404 (Not Found) @ http://localhost:5173/src/features/user/UserList/components/UserListToolbar.tsx?t=1786078440685:0
[  471468ms] [ERROR] [vite] Failed to reload /src/features/user/UserList/components/UserListToolbar.tsx. This could be due to syntax errors or importing non-existent modules. (see errors above) @ http://localhost:5173/@vite/client:931
[  473407ms] [INFO] %cDownload the React DevTools for a better development experience: https://react.dev/link/react-devtools font-weight:bold @ http://localhost:5173/node_modules/.vite/deps/client-DaVFuTrw.js?v=4d46a646:14333
[  473970ms] [WARNING] You're attempting to animate multiple children within AnimatePresence, but its mode is set to "wait". This will lead to odd visual behaviour. @ http://localhost:5173/node_modules/.vite/deps/es-BDqaUbuy.js?v=4d46a646:9861
[  473970ms] [WARNING] You're attempting to animate multiple children within AnimatePresence, but its mode is set to "wait". This will lead to odd visual behaviour. @ http://localhost:5173/node_modules/.vite/deps/es-BDqaUbuy.js?v=4d46a646:9861
[  474103ms] [WARNING] You're attempting to animate multiple children within AnimatePresence, but its mode is set to "wait". This will lead to odd visual behaviour. @ http://localhost:5173/node_modules/.vite/deps/es-BDqaUbuy.js?v=4d46a646:9861
[  474103ms] [WARNING] You're attempting to animate multiple children within AnimatePresence, but its mode is set to "wait". This will lead to odd visual behaviour. @ http://localhost:5173/node_modules/.vite/deps/es-BDqaUbuy.js?v=4d46a646:9861
[ 3894722ms] [LOG] [vite] server connection lost. Polling for restart... @ http://localhost:5173/@vite/client:998
[ 6688504ms] [INFO] %cDownload the React DevTools for a better development experience: https://react.dev/link/react-devtools font-weight:bold @ http://localhost:5173/node_modules/.vite/deps/client-DaVFuTrw.js?v=4d46a646:14333
[ 6688943ms] [WARNING] You're attempting to animate multiple children within AnimatePresence, but its mode is set to "wait". This will lead to odd visual behaviour. @ http://localhost:5173/node_modules/.vite/deps/es-BDqaUbuy.js?v=4d46a646:9861
[ 6688944ms] [WARNING] You're attempting to animate multiple children within AnimatePresence, but its mode is set to "wait". This will lead to odd visual behaviour. @ http://localhost:5173/node_modules/.vite/deps/es-BDqaUbuy.js?v=4d46a646:9861
[ 6689286ms] [WARNING] You're attempting to animate multiple children within AnimatePresence, but its mode is set to "wait". This will lead to odd visual behaviour. @ http://localhost:5173/node_modules/.vite/deps/es-BDqaUbuy.js?v=4d46a646:9861
[ 6689286ms] [WARNING] You're attempting to animate multiple children within AnimatePresence, but its mode is set to "wait". This will lead to odd visual behaviour. @ http://localhost:5173/node_modules/.vite/deps/es-BDqaUbuy.js?v=4d46a646:9861
[ 6909126ms] [ERROR] Failed to load resource: the server responded with a status of 404 (Not Found) @ http://localhost:5173/src/features/user/UserList/components/UserListTable.tsx?t=1786084878330:0
[ 6909126ms] [ERROR] [vite] Failed to reload /src/features/user/UserList/components/UserListTable.tsx. This could be due to syntax errors or importing non-existent modules. (see errors above) @ http://localhost:5173/@vite/client:931
[ 6911484ms] [INFO] %cDownload the React DevTools for a better development experience: https://react.dev/link/react-devtools font-weight:bold @ http://localhost:5173/node_modules/.vite/deps/client-DaVFuTrw.js?v=4d46a646:14333
[ 6911856ms] [WARNING] You're attempting to animate multiple children within AnimatePresence, but its mode is set to "wait". This will lead to odd visual behaviour. @ http://localhost:5173/node_modules/.vite/deps/es-BDqaUbuy.js?v=4d46a646:9861
[ 6911859ms] [WARNING] You're attempting to animate multiple children within AnimatePresence, but its mode is set to "wait". This will lead to odd visual behaviour. @ http://localhost:5173/node_modules/.vite/deps/es-BDqaUbuy.js?v=4d46a646:9861
[ 6912216ms] [WARNING] You're attempting to animate multiple children within AnimatePresence, but its mode is set to "wait". This will lead to odd visual behaviour. @ http://localhost:5173/node_modules/.vite/deps/es-BDqaUbuy.js?v=4d46a646:9861
[ 6912216ms] [WARNING] You're attempting to animate multiple children within AnimatePresence, but its mode is set to "wait". This will lead to odd visual behaviour. @ http://localhost:5173/node_modules/.vite/deps/es-BDqaUbuy.js?v=4d46a646:9861
[ 7738265ms] [ERROR] Failed to load resource: the server responded with a status of 404 (Not Found) @ http://localhost:5173/src/features/user/UserList/components/UserListTable.tsx?t=1786085707132:0
[ 7738265ms] [ERROR] [vite] Failed to reload /src/features/user/UserList/components/UserListTable.tsx. This could be due to syntax errors or importing non-existent modules. (see errors above) @ http://localhost:5173/@vite/client:931
[ 7740966ms] [INFO] %cDownload the React DevTools for a better development experience: https://react.dev/link/react-devtools font-weight:bold @ http://localhost:5173/node_modules/.vite/deps/client-DaVFuTrw.js?v=4d46a646:14333
[ 7741525ms] [WARNING] You're attempting to animate multiple children within AnimatePresence, but its mode is set to "wait". This will lead to odd visual behaviour. @ http://localhost:5173/node_modules/.vite/deps/es-BDqaUbuy.js?v=4d46a646:9861
[ 7741526ms] [WARNING] You're attempting to animate multiple children within AnimatePresence, but its mode is set to "wait". This will lead to odd visual behaviour. @ http://localhost:5173/node_modules/.vite/deps/es-BDqaUbuy.js?v=4d46a646:9861
[ 7741654ms] [WARNING] You're attempting to animate multiple children within AnimatePresence, but its mode is set to "wait". This will lead to odd visual behaviour. @ http://localhost:5173/node_modules/.vite/deps/es-BDqaUbuy.js?v=4d46a646:9861
[ 7741655ms] [WARNING] You're attempting to animate multiple children within AnimatePresence, but its mode is set to "wait". This will lead to odd visual behaviour. @ http://localhost:5173/node_modules/.vite/deps/es-BDqaUbuy.js?v=4d46a646:9861
[ 7922681ms] [ERROR] Failed to load resource: the server responded with a status of 404 (Not Found) @ http://localhost:5173/src/features/user/UserList/UserList.tsx?t=1786085891707:0
[ 7922681ms] [ERROR] [vite] Failed to reload /src/features/user/UserList/UserList.tsx. This could be due to syntax errors or importing non-existent modules. (see errors above) @ http://localhost:5173/@vite/client:931
[ 7925555ms] [INFO] %cDownload the React DevTools for a better development experience: https://react.dev/link/react-devtools font-weight:bold @ http://localhost:5173/node_modules/.vite/deps/client-DaVFuTrw.js?v=4d46a646:14333
[ 7926392ms] [WARNING] You're attempting to animate multiple children within AnimatePresence, but its mode is set to "wait". This will lead to odd visual behaviour. @ http://localhost:5173/node_modules/.vite/deps/es-BDqaUbuy.js?v=4d46a646:9861
[ 7926392ms] [WARNING] You're attempting to animate multiple children within AnimatePresence, but its mode is set to "wait". This will lead to odd visual behaviour. @ http://localhost:5173/node_modules/.vite/deps/es-BDqaUbuy.js?v=4d46a646:9861
[ 7926506ms] [WARNING] You're attempting to animate multiple children within AnimatePresence, but its mode is set to "wait". This will lead to odd visual behaviour. @ http://localhost:5173/node_modules/.vite/deps/es-BDqaUbuy.js?v=4d46a646:9861
[ 7926507ms] [WARNING] You're attempting to animate multiple children within AnimatePresence, but its mode is set to "wait". This will lead to odd visual behaviour. @ http://localhost:5173/node_modules/.vite/deps/es-BDqaUbuy.js?v=4d46a646:9861
[ 7958230ms] [ERROR] Failed to load resource: the server responded with a status of 404 (Not Found) @ http://localhost:5173/src/features/user/UserList/components/UserListFilters.tsx?t=1786085927191:0
[ 7958230ms] [ERROR] [vite] Failed to reload /src/features/user/UserList/components/UserListFilters.tsx. This could be due to syntax errors or importing non-existent modules. (see errors above) @ http://localhost:5173/@vite/client:931
[ 7960982ms] [INFO] %cDownload the React DevTools for a better development experience: https://react.dev/link/react-devtools font-weight:bold @ http://localhost:5173/node_modules/.vite/deps/client-DaVFuTrw.js?v=4d46a646:14333
[ 7961237ms] [WARNING] You're attempting to animate multiple children within AnimatePresence, but its mode is set to "wait". This will lead to odd visual behaviour. @ http://localhost:5173/node_modules/.vite/deps/es-BDqaUbuy.js?v=4d46a646:9861
[ 7961238ms] [WARNING] You're attempting to animate multiple children within AnimatePresence, but its mode is set to "wait". This will lead to odd visual behaviour. @ http://localhost:5173/node_modules/.vite/deps/es-BDqaUbuy.js?v=4d46a646:9861
[ 7961287ms] [WARNING] You're attempting to animate multiple children within AnimatePresence, but its mode is set to "wait". This will lead to odd visual behaviour. @ http://localhost:5173/node_modules/.vite/deps/es-BDqaUbuy.js?v=4d46a646:9861
[ 7961288ms] [WARNING] You're attempting to animate multiple children within AnimatePresence, but its mode is set to "wait". This will lead to odd visual behaviour. @ http://localhost:5173/node_modules/.vite/deps/es-BDqaUbuy.js?v=4d46a646:9861
[ 8828745ms] [VERBOSE] [DOM] Password field is not contained in a form: (More info: https://goo.gl/9p2vKq) %o @ http://localhost:5173/users:0
[ 8879974ms] [VERBOSE] [DOM] Password field is not contained in a form: (More info: https://goo.gl/9p2vKq) %o @ http://localhost:5173/users:0
[ 8941770ms] [ERROR] Failed to load resource: the server responded with a status of 404 (Not Found) @ http://localhost:5173/src/features/user/UserList/components/UserFormAddDialog.tsx?t=1786086911179:0
[ 8941771ms] [ERROR] [vite] Failed to reload /src/features/user/UserList/UserList.tsx. This could be due to syntax errors or importing non-existent modules. (see errors above) @ http://localhost:5173/@vite/client:931
[ 9025003ms] [INFO] %cDownload the React DevTools for a better development experience: https://react.dev/link/react-devtools font-weight:bold @ http://localhost:5173/node_modules/.vite/deps/client-DaVFuTrw.js?v=4d46a646:14333
[ 9026288ms] [WARNING] You're attempting to animate multiple children within AnimatePresence, but its mode is set to "wait". This will lead to odd visual behaviour. @ http://localhost:5173/node_modules/.vite/deps/es-BDqaUbuy.js?v=4d46a646:9861
[ 9026288ms] [WARNING] You're attempting to animate multiple children within AnimatePresence, but its mode is set to "wait". This will lead to odd visual behaviour. @ http://localhost:5173/node_modules/.vite/deps/es-BDqaUbuy.js?v=4d46a646:9861
[ 9026913ms] [WARNING] You're attempting to animate multiple children within AnimatePresence, but its mode is set to "wait". This will lead to odd visual behaviour. @ http://localhost:5173/node_modules/.vite/deps/es-BDqaUbuy.js?v=4d46a646:9861
[ 9026913ms] [WARNING] You're attempting to animate multiple children within AnimatePresence, but its mode is set to "wait". This will lead to odd visual behaviour. @ http://localhost:5173/node_modules/.vite/deps/es-BDqaUbuy.js?v=4d46a646:9861
[ 9100761ms] [VERBOSE] [DOM] Password field is not contained in a form: (More info: https://goo.gl/9p2vKq) %o @ http://localhost:5173/users:0
[ 9149888ms] [VERBOSE] [DOM] Password field is not contained in a form: (More info: https://goo.gl/9p2vKq) %o @ http://localhost:5173/users:0
[ 9159903ms] [VERBOSE] [DOM] Password field is not contained in a form: (More info: https://goo.gl/9p2vKq) %o @ http://localhost:5173/users:0
